C51 COMPILER V9.54   MAIN1                                                                 09/10/2024 10:44:55 PAGE 1   


C51 COMPILER V9.54, COMPILATION OF MODULE MAIN1
OBJECT MODULE PLACED IN .\Objects\main1.obj
COMPILER INVOKED BY: D:\_EmbeddedSystemTool\Keil_v5\C51\BIN\C51.EXE main1.c OPTIMIZE(8,SPEED) BROWSE DEBUG OBJECTEXTEND 
                    -PRINT(.\Listings\main1.lst) TABS(2) OBJECT(.\Objects\main1.obj)

line level    source

   1          #include <REGX52.H>
   2          
   3          /**
   4            *@brief 按键按下LED点亮，按键松开LED熄灭
   5            *@param 无
   6            *@retval 无
   7            *if(P3_1 == 0){ //若P3寄存器的第1位为0，则判断按键K1:P31按下
   8                P2_0 = 0; //给P20赋值0，低电平，LED1点亮
   9              }
  10              else{ //否则 按键K1:P31按下
  11                P2_0 = 1; //给P20赋值1，高电平，LED1熄灭
  12              }
  13            */
  14          void main(){
  15   1        while(1){
  16   2          if(P3_1 == 0){
  17   3            P2_0 = 0;
  18   3          }
  19   2          else{
  20   3            P2_0 = 1;
  21   3          }
  22   2        }
  23   1      }


MODULE INFORMATION:   STATIC OVERLAYABLE
   CODE SIZE        =     11    ----
   CONSTANT SIZE    =   ----    ----
   XDATA SIZE       =   ----    ----
   PDATA SIZE       =   ----    ----
   DATA SIZE        =   ----    ----
   IDATA SIZE       =   ----    ----
   BIT SIZE         =   ----    ----
END OF MODULE INFORMATION.


C51 COMPILATION COMPLETE.  0 WARNING(S),  0 ERROR(S)
