C51 COMPILER V9.54   MAIN                                                                  09/11/2024 11:49:17 PAGE 1   


C51 COMPILER V9.54, COMPILATION OF MODULE MAIN
OBJECT MODULE PLACED IN .\Objects\main.obj
COMPILER INVOKED BY: D:\_EmbeddedSystemTool\Keil_v5\C51\BIN\C51.EXE main.c OPTIMIZE(8,SPEED) BROWSE DEBUG OBJECTEXTEND P
                    -RINT(.\Listings\main.lst) TABS(2) OBJECT(.\Objects\main.obj)

line level    source

   1          #include <REGX52.H>
   2          #include "Delay.h"
   3          #include "Key.h"
   4          #include "Nixie.h"
   5          #include "Timer0.h"
   6          
   7          sbit Motor=P1^0;
   8          unsigned char Counter,Compare;
   9          unsigned char KeyNum,Speed;
  10          
  11          void main()
  12          {
  13   1          /*
  14   1            *定时器0初始化，1毫秒@12.000MHz
  15   1             TL0=0x18; //设置定时初值
  16   1             TH0=0xfc; //设置定时初值
  17   1            *定时器0初始化，1微妙@12.000MHz (更顺滑)
  18   1             TL0=0x9c; //设置定时初值
  19   1             TH0=0xff; //设置定时初值
  20   1          */
  21   1          Timer0_Init();
  22   1          
  23   1          while(1)
  24   1          {
  25   2              KeyNum=Key();
  26   2              if(KeyNum==1)
  27   2              {
  28   3                  Speed++;
  29   3                  Speed%=4;
  30   3                  if(Speed==0){Compare=0;}
  31   3                  if(Speed==1){Compare=20;}
  32   3                  if(Speed==2){Compare=50;}
  33   3                  if(Speed==3){Compare=100;}
  34   3              }
  35   2              Nixie(1,Speed);
  36   2          }
  37   1      }
  38          
  39          void Timer0_Routine() interrupt 1
  40          {
  41   1          TL0=0x18; //设置定时初值
  42   1          TH0=0xfc; //设置定时初值
  43   1          Counter++;
  44   1          Counter%=100; //计数器定时自增，到100清零
  45   1          if(Counter<Compare)
  46   1          {
  47   2              Motor=1;
  48   2          }
  49   1          else
  50   1          {
  51   2              Motor=0;
  52   2          }
  53   1      }

C51 COMPILER V9.54   MAIN                                                                  09/11/2024 11:49:17 PAGE 2   


MODULE INFORMATION:   STATIC OVERLAYABLE
   CODE SIZE        =    104    ----
   CONSTANT SIZE    =   ----    ----
   XDATA SIZE       =   ----    ----
   PDATA SIZE       =   ----    ----
   DATA SIZE        =      4    ----
   IDATA SIZE       =   ----    ----
   BIT SIZE         =   ----    ----
END OF MODULE INFORMATION.


C51 COMPILATION COMPLETE.  0 WARNING(S),  0 ERROR(S)
