C51 COMPILER V9.54   NIXIE                                                                 09/11/2024 11:26:42 PAGE 1   


C51 COMPILER V9.54, COMPILATION OF MODULE NIXIE
OBJECT MODULE PLACED IN .\Objects\Nixie.obj
COMPILER INVOKED BY: D:\_EmbeddedSystemTool\Keil_v5\C51\BIN\C51.EXE Nixie.c OPTIMIZE(8,SPEED) BROWSE DEBUG OBJECTEXTEND 
                    -PRINT(.\Listings\Nixie.lst) TABS(2) OBJECT(.\Objects\Nixie.obj)

line level    source

   1          #include <REGX52.H>
   2          #include "Delay.h"
   3          
   4          /**
   5            *@brief LED数码管段码数组
   6            *取值范围 (0——9)
   7            */
   8          unsigned char NixieTable[] = {0x3f,0x06,0x5b,0x4f,0x66,0x6d,0x7d,0x07,0x7f,0x6f};
   9          
  10          /**
  11            *@brief LED数码管显示
  12            *@param Location：位选，显示第几位LED模块，取值范围 (0——8)
  13            *@param Number：段选，显示什么数字，取值范围 (0——9)，由 NixieTable[] 数组决定
  14            *@retval 无
  15            *switch(Location) //显示第几位LED模块，P24,P23,P21引脚控制
  16            *P0 = NixieTable[Number]; //显示什么数字，P0寄存器控制
  17            *Delay(1); //数字显示1ms(稳定)
  18            *P0 = 0x00; //清零数字显示(消影)
  19            */
  20          void Nixie(unsigned char Location, Number){
  21   1        switch(Location){
  22   2          case 1: P2_4=1;P2_3=1;P2_2=1;break;
  23   2          case 2: P2_4=1;P2_3=1;P2_2=0;break;
  24   2          case 3: P2_4=1;P2_3=0;P2_2=1;break;
  25   2          case 4: P2_4=1;P2_3=0;P2_2=0;break;
  26   2          case 5: P2_4=0;P2_3=1;P2_2=1;break;
  27   2          case 6: P2_4=0;P2_3=1;P2_2=0;break;
  28   2          case 7: P2_4=0;P2_3=0;P2_2=1;break;
  29   2          case 8: P2_4=0;P2_3=0;P2_2=0;break;
  30   2        }
  31   1        P0 = NixieTable[Number];
  32   1        Delay(1);
  33   1        P0 = 0x00;
  34   1      }


MODULE INFORMATION:   STATIC OVERLAYABLE
   CODE SIZE        =    109    ----
   CONSTANT SIZE    =   ----    ----
   XDATA SIZE       =   ----    ----
   PDATA SIZE       =   ----    ----
   DATA SIZE        =     10    ----
   IDATA SIZE       =   ----    ----
   BIT SIZE         =   ----    ----
END OF MODULE INFORMATION.


C51 COMPILATION COMPLETE.  0 WARNING(S),  0 ERROR(S)
